[INFO] Scanning for projects...
[INFO] 
[INFO] -------------------------< com.catsitter:api >--------------------------
[INFO] Building CatSitterAPI 0.0.1-SNAPSHOT
[INFO]   from pom.xml
[INFO] --------------------------------[ jar ]---------------------------------
[INFO] 
[INFO] --- jacoco:0.8.14:prepare-agent (default) @ api ---
[INFO] argLine set to -javaagent:/Users/will_chiang/.m2/repository/org/jacoco/org.jacoco.agent/0.8.14/org.jacoco.agent-0.8.14-runtime.jar=destfile=/Users/will_chiang/Widget_home/cat-sitter-project/backend/target/jacoco.exec
[INFO] 
[INFO] --- resources:3.3.1:resources (default-resources) @ api ---
[INFO] Copying 1 resource from src/main/resources to target/classes
[INFO] Copying 8 resources from src/main/resources to target/classes
[INFO] 
[INFO] --- compiler:3.13.0:compile (default-compile) @ api ---
[INFO] Recompiling the module because of changed source code.
[INFO] Compiling 131 source files with javac [debug parameters release 21] to target/classes
[INFO] Annotation processing is enabled because one or more processors were found
  on the class path. A future release of javac may disable annotation processing
  unless at least one processor is specified by name (-processor), or a search
  path is specified (--processor-path, --processor-module-path), or annotation
  processing is enabled explicitly (-proc:only, -proc:full).
  Use -Xlint:-options to suppress this message.
  Use -proc:none to disable annotation processing.
[INFO] -------------------------------------------------------------
[ERROR] COMPILATION ERROR : 
[INFO] -------------------------------------------------------------
[ERROR] /Users/will_chiang/Widget_home/cat-sitter-project/backend/src/main/java/com/catsitter/api/config/SecurityConfig.java:[28,17] cannot find symbol
  symbol:   class MdcLogFilter
  location: class com.catsitter.api.config.SecurityConfig
[ERROR] /Users/will_chiang/Widget_home/cat-sitter-project/backend/src/main/java/com/catsitter/api/config/SecurityConfig.java:[32,25] cannot find symbol
  symbol:   class MdcLogFilter
  location: class com.catsitter.api.config.SecurityConfig
[INFO] 2 errors 
[INFO] -------------------------------------------------------------
[INFO] ------------------------------------------------------------------------
[INFO] BUILD FAILURE
[INFO] ------------------------------------------------------------------------
[INFO] Total time:  1.520 s
[INFO] Finished at: 2026-03-29T00:00:05+08:00
[INFO] ------------------------------------------------------------------------
[ERROR] Failed to execute goal org.apache.maven.plugins:maven-compiler-plugin:3.13.0:compile (default-compile) on project api: Compilation failure: Compilation failure: 
[ERROR] /Users/will_chiang/Widget_home/cat-sitter-project/backend/src/main/java/com/catsitter/api/config/SecurityConfig.java:[28,17] cannot find symbol
[ERROR]   symbol:   class MdcLogFilter
[ERROR]   location: class com.catsitter.api.config.SecurityConfig
[ERROR] /Users/will_chiang/Widget_home/cat-sitter-project/backend/src/main/java/com/catsitter/api/config/SecurityConfig.java:[32,25] cannot find symbol
[ERROR]   symbol:   class MdcLogFilter
[ERROR]   location: class com.catsitter.api.config.SecurityConfig
[ERROR] -> [Help 1]
[ERROR] 
[ERROR] To see the full stack trace of the errors, re-run Maven with the -e switch.
[ERROR] Re-run Maven using the -X switch to enable full debug logging.
[ERROR] 
[ERROR] For more information about the errors and possible solutions, please read the following articles:
[ERROR] [Help 1] http://cwiki.apache.org/confluence/display/MAVEN/MojoFailureException
